[{
  "ver": 3,
  "hash": "11917a4878193a88de39bc2f0c601403c5099e863d55d7d7a1efd4bcec40b85c",
  "number": "10919",
  "size": "545",
  "header": {
    "parentHash": "0000005f0000052d41bb8a1ea23b8acd02ec79ef2988106ddd5a2298b50a2c8d",
    "uncleHash": "1dcc4de8dec75d7aab85b567b6ccd41ad312451b948a7413f0a142fd40d49347",
    "coinbase": "0000000000000000000000000000000000000000",
    "stateRoot": "0000000000000000000000000000000000000000000000000000000000000000",
    "transactionsRoot": "56e81f171bcc55a6ff8345e692c0f86e5b48e01b996cadc001622fb5e363b421",
    "receiptRoot": "56e81f171bcc55a6ff8345e692c0f86e5b48e01b996cadc001622fb5e363b421",
    "logsBloom": "00000000000000000000000000000000000000000000000000000000000000000000000000000000000000000000000000000000000000000000000000000000000000000000000000000000000000000000000000000000000000000000000000000000000000000000000000000000000000000000000000000000000000000000000000000000000000000000000000000000000000000000000000000000000000000000000000000000000000000000000000000000000000000000000000000000000000000000000000000000000000000000000000000000000000000000000000000000000000000000000000000000000000000000000000000000",
    "difficulty": "00",
    "number": "10919",
    "gasLimit": "281474976710655",
    "timestamp": "2020-01-12T15:09:26Z",
    "extraData": "0000005f0000053ea9363887a300d82dc9ac912cd82034ae3a20e3b93fee9355",
    "mixHash": "0000000000000000000000000000000000000000000000000000000000000000",
    "hash": "11917a4878193a88de39bc2f0c601403c5099e863d55d7d7a1efd4bcec40b85c"
  }
}
,{
  "ver": 3,
  "hash": "d5825324b1a4cc03b6c72dca679795680dcb174bc36ed6c2daef3fe348c761d7",
  "number": "10920",
  "size": "656",
  "header": {
    "parentHash": "0000005f0000053ea9363887a300d82dc9ac912cd82034ae3a20e3b93fee9355",
    "uncleHash": "1dcc4de8dec75d7aab85b567b6ccd41ad312451b948a7413f0a142fd40d49347",
    "coinbase": "0000000000000000000000000000000000000000",
    "stateRoot": "0000000000000000000000000000000000000000000000000000000000000000",
    "transactionsRoot": "66da06a7c0c41b572f120c2ee20c53d5bedef19714b1660442f8ec31791cbdd2",
    "receiptRoot": "56e81f171bcc55a6ff8345e692c0f86e5b48e01b996cadc001622fb5e363b421",
    "logsBloom": "00000000000000000000000000000000000000000000000000000000000000000000000000000000000000000000000000000000000000000000000000000000000000000000000000000000000000000000000000000000000000000000000000000000000000000000000000000000000000000000000000000000000000000000000000000000000000000000000000000000000000000000000000000000000000000000000000000000000000000000000000000000000000000000000000000000000000000000000000000000000000000000000000000000000000000000000000000000000000000000000000000000000000000000000000000000",
    "difficulty": "00",
    "number": "10920",
    "gasLimit": "281474976710655",
    "timestamp": "2020-01-12T15:09:27Z",
    "extraData": "0000005f0000054ad7c1d5bad47d114b2fb0301a7347e7010c65ec6be6ef3542",
    "mixHash": "0000000000000000000000000000000000000000000000000000000000000000",
    "hash": "d5825324b1a4cc03b6c72dca679795680dcb174bc36ed6c2daef3fe348c761d7"
  },
  "transactionTraces": [
    {
      "to": "04a174104351a8630ed69ae433d6c7b092210c56",
      "nonce": "2",
      "gasPrice": "746a528800",
      "gasLimit": "44000",
      "value": "0de0b6b3a7640000",
      "v": "1c",
      "r": "f708ba85ef44e85fb66925c2c92edf1b2e8dd12052d9ee09fd3dc105f4aa6471",
      "s": "4cc9fd2858c8f47401702a2e80ab80a07e480731206f57d7ae6de4005745b20c",
      "gasUsed": "23300",
      "hash": "b80f4bdda9d2222e5bcb960eed26fa72025835b0eceed370d4def45fd3f2bf72",
      "from": "04a174104351a8630ed69ae433d6c7b092210c56",
      "beginOrdinal": "1",
      "endOrdinal": "10",
      "status": "SUCCEEDED",
      "receipt": {
        "cumulativeGasUsed": "23300",
        "logsBloom": "00000000000000000000000000000000000000000000000000000000000000000000000000000000000000000000000000000000000000000000000000000000000000000000000000000000000000000000000000000000000000000000000000000000000000000000000000000000000000000000000000000000000000000000000000000000000000000000000000000000000000000000000000000000000000000000000000000000000000000000000000000000000000000000000000000000000000000000000000000000000000000000000000000000000000000000000000000000000000000000000000000000000000000000000000000000"
      },
      "calls": [
        {
          "index": 1,
          "callType": "CALL",
          "caller": "04a174104351a8630ed69ae433d6c7b092210c56",
          "address": "04a174104351a8630ed69ae433d6c7b092210c56",
          "value": "0de0b6b3a7640000",
          "gasLimit": "23000",
          "balanceChanges": [
            {
              "address": "04a174104351a8630ed69ae433d6c7b092210c56",
              "oldValue": "040ef475fb2d4b537000",
              "newValue": "040ef427d24b22447000",
              "reason": "REASON_GAS_BUY",
              "ordinal": "2"
            },
            {
              "address": "04a174104351a8630ed69ae433d6c7b092210c56",
              "oldValue": "040ef427d24b22447000",
              "newValue": "040ee6471b977ae07000",
              "reason": "REASON_TRANSFER",
              "ordinal": "6"
            },
            {
              "address": "04a174104351a8630ed69ae433d6c7b092210c56",
              "oldValue": "040ee6471b977ae07000",
              "newValue": "040ef427d24b22447000",
              "reason": "REASON_TRANSFER",
              "ordinal": "7"
            },
            {
              "address": "04a174104351a8630ed69ae433d6c7b092210c56",
              "oldValue": "040ef427d24b22447000",
              "newValue": "040ef44c97904bb15000",
              "reason": "REASON_GAS_REFUND",
              "ordinal": "9"
            }
          ],
          "nonceChanges": [
            {
              "address": "04a174104351a8630ed69ae433d6c7b092210c56",
              "oldValue": "2",
              "newValue": "3",
              "ordinal": "4"
            }
          ],
          "gasChanges": [
            {
              "oldValue": "44000",
              "newValue": "23000",
              "reason": "REASON_INTRINSIC_GAS",
              "ordinal": "3"
            }
          ],
          "endOrdinal": "8"
        }
      ]
    }
  ]
}
,{
  "ver": 3,
  "hash": "7ff182f5119abddc2b4f4e6ab876c46bf9fa1afc76886f69b38649fddc172d62",
  "number": "10921",
  "size": "545",
  "header": {
    "parentHash": "0000005f0000054ad7c1d5bad47d114b2fb0301a7347e7010c65ec6be6ef3542",
    "uncleHash": "1dcc4de8dec75d7aab85b567b6ccd41ad312451b948a7413f0a142fd40d49347",
    "coinbase": "0000000000000000000000000000000000000000",
    "stateRoot": "0000000000000000000000000000000000000000000000000000000000000000",
    "transactionsRoot": "56e81f171bcc55a6ff8345e692c0f86e5b48e01b996cadc001622fb5e363b421",
    "receiptRoot": "56e81f171bcc55a6ff8345e692c0f86e5b48e01b996cadc001622fb5e363b421",
    "logsBloom": "00000000000000000000000000000000000000000000000000000000000000000000000000000000000000000000000000000000000000000000000000000000000000000000000000000000000000000000000000000000000000000000000000000000000000000000000000000000000000000000000000000000000000000000000000000000000000000000000000000000000000000000000000000000000000000000000000000000000000000000000000000000000000000000000000000000000000000000000000000000000000000000000000000000000000000000000000000000000000000000000000000000000000000000000000000000",
    "difficulty": "00",
    "number": "10921",
    "gasLimit": "281474976710655",
    "timestamp": "2020-01-12T15:09:48Z",
    "extraData": "0000005f000005526eb6a06babb5cd8a630747533b1b17d423c258c7b28e7291",
    "mixHash": "0000000000000000000000000000000000000000000000000000000000000000",
    "hash": "7ff182f5119abddc2b4f4e6ab876c46bf9fa1afc76886f69b38649fddc172d62"
  }
}
,{
  "ver": 3,
  "hash": "4159371e17de63725b034f36abd46d4b17bc03fc4357fc0cdb36505c57c3be98",
  "number": "10922",
  "size": "672",
  "header": {
    "parentHash": "0000005f000005526eb6a06babb5cd8a630747533b1b17d423c258c7b28e7291",
    "uncleHash": "1dcc4de8dec75d7aab85b567b6ccd41ad312451b948a7413f0a142fd40d49347",
    "coinbase": "0000000000000000000000000000000000000000",
    "stateRoot": "0000000000000000000000000000000000000000000000000000000000000000",
    "transactionsRoot": "f36e5bca9d515634837f4b603603589d93266af088062ca59720265ab60d7130",
    "receiptRoot": "56e81f171bcc55a6ff8345e692c0f86e5b48e01b996cadc001622fb5e363b421",
    "logsBloom": "00000000000000000000000000000000000000000000000000000000000000000000000000000000000000000000000000000000000000000000000000000000000000000000000000000000000000000000000000000000000000000000000000000000000000000000000000000000000000000000000000000000000000000000000000000000000000000000000000000000000000000000000000000000000000000000000000000000000000000000000000000000000000000000000000000000000000000000000000000000000000000000000000000000000000000000000000000000000000000000000000000000000000000000000000000000",
    "difficulty": "00",
    "number": "10922",
    "gasLimit": "281474976710655",
    "timestamp": "2020-01-12T15:09:49Z",
    "extraData": "0000005f00000560f691cd6d7953523b9a02bf95cb69af4091236deccb9b4ace",
    "mixHash": "0000000000000000000000000000000000000000000000000000000000000000",
    "hash": "4159371e17de63725b034f36abd46d4b17bc03fc4357fc0cdb36505c57c3be98"
  },
  "transactionTraces": [
    {
      "to": "617734fa3995c9af51abaab83771f3a035ca2d9c",
      "nonce": "1683",
      "gasPrice": "746a528800",
      "gasLimit": "42000",
      "value": "056bc75e2d63100000",
      "input": "424e4272696467652053776170",
      "v": "1c",
      "r": "35d1d0edf44af952e7759f5b278bc0cb3cbaf897b35267ebb744205dfbbeb60f",
      "s": "06ed1fbf02475e15c17623bb09fe1193f43780a6752394f4c888fedee235bb79",
      "gasUsed": "23287",
      "hash": "d991f73603f8c257cab8dde1797006c389ce52ecb6a4c99ba8d1de94e16b7031",
      "from": "d6a37423be930019b8cfea57be049329f3119a3d",
      "beginOrdinal": "11",
      "endOrdinal": "20",
      "status": "SUCCEEDED",
      "receipt": {
        "cumulativeGasUsed": "23287",
        "logsBloom": "00000000000000000000000000000000000000000000000000000000000000000000000000000000000000000000000000000000000000000000000000000000000000000000000000000000000000000000000000000000000000000000000000000000000000000000000000000000000000000000000000000000000000000000000000000000000000000000000000000000000000000000000000000000000000000000000000000000000000000000000000000000000000000000000000000000000000000000000000000000000000000000000000000000000000000000000000000000000000000000000000000000000000000000000000000000"
      },
      "calls": [
        {
          "index": 1,
          "callType": "CALL",
          "caller": "d6a37423be930019b8cfea57be049329f3119a3d",
          "address": "617734fa3995c9af51abaab83771f3a035ca2d9c",
          "value": "056bc75e2d63100000",
          "gasLimit": "20792",
          "input": "424e4272696467652053776170",
          "balanceChanges": [
            {
              "address": "d6a37423be930019b8cfea57be049329f3119a3d",
              "oldValue": "047a7f6a9bb2e1f9ac7e8106",
              "newValue": "047a7f6a9b68469628360106",
              "reason": "REASON_GAS_BUY",
              "ordinal": "12"
            },
            {
              "address": "d6a37423be930019b8cfea57be049329f3119a3d",
              "oldValue": "047a7f6a9b68469628360106",
              "newValue": "047a7f652fa0e868c5260106",
              "reason": "REASON_TRANSFER",
              "ordinal": "16"
            },
            {
              "address": "617734fa3995c9af51abaab83771f3a035ca2d9c",
              "oldValue": "06c6f7bcd40fe000",
              "newValue": "05728e55ea371fe000",
              "reason": "REASON_TRANSFER",
              "ordinal": "17"
            },
            {
              "address": "d6a37423be930019b8cfea57be049329f3119a3d",
              "oldValue": "047a7f652fa0e868c5260106",
              "newValue": "047a7f652fc22618affd4906",
              "reason": "REASON_GAS_REFUND",
              "ordinal": "19"
            }
          ],
          "nonceChanges": [
            {
              "address": "d6a37423be930019b8cfea57be049329f3119a3d",
              "oldValue": "1683",
              "newValue": "1684",
              "ordinal": "14"
            }
          ],
          "gasChanges": [
            {
              "oldValue": "42000",
              "newValue": "20792",
              "reason": "REASON_INTRINSIC_GAS",
              "ordinal": "13"
            }
          ],
          "endOrdinal": "18"
        }
      ]
    }
  ]
}
,{
  "ver": 3,
  "hash": "e8009870148fa13ea977fd5c7ebe751d532f0062186b2f3f5731a490d68cd627",
  "number": "10923",
  "size": "545",
  "header": {
    "parentHash": "0000005f00000560f691cd6d7953523b9a02bf95cb69af4091236deccb9b4ace",
    "uncleHash": "1dcc4de8dec75d7aab85b567b6ccd41ad312451b948a7413f0a142fd40d49347",
    "coinbase": "0000000000000000000000000000000000000000",
    "stateRoot": "0000000000000000000000000000000000000000000000000000000000000000",
    "transactionsRoot": "56e81f171bcc55a6ff8345e692c0f86e5b48e01b996cadc001622fb5e363b421",
    "receiptRoot": "56e81f171bcc55a6ff8345e692c0f86e5b48e01b996cadc001622fb5e363b421",
    "logsBloom": "00000000000000000000000000000000000000000000000000000000000000000000000000000000000000000000000000000000000000000000000000000000000000000000000000000000000000000000000000000000000000000000000000000000000000000000000000000000000000000000000000000000000000000000000000000000000000000000000000000000000000000000000000000000000000000000000000000000000000000000000000000000000000000000000000000000000000000000000000000000000000000000000000000000000000000000000000000000000000000000000000000000000000000000000000000000",
    "difficulty": "00",
    "number": "10923",
    "gasLimit": "281474976710655",
    "timestamp": "2020-01-12T15:11:01Z",
    "extraData": "0000005f0000056bebb59601486d06eb7780fba80775ba893025d63e8a112e1f",
    "mixHash": "0000000000000000000000000000000000000000000000000000000000000000",
    "hash": "e8009870148fa13ea977fd5c7ebe751d532f0062186b2f3f5731a490d68cd627"
  }
}
,{
  "ver": 3,
  "hash": "6bbe0faed87654fda414bcf0f046f6daa2ec7af2270dc8d3c9398fe3921c9e11",
  "number": "10924",
  "size": "672",
  "header": {
    "parentHash": "0000005f0000056bebb59601486d06eb7780fba80775ba893025d63e8a112e1f",
    "uncleHash": "1dcc4de8dec75d7aab85b567b6ccd41ad312451b948a7413f0a142fd40d49347",
    "coinbase": "0000000000000000000000000000000000000000",
    "stateRoot": "0000000000000000000000000000000000000000000000000000000000000000",
    "transactionsRoot": "f36e5bca9d515634837f4b603603589d93266af088062ca59720265ab60d7130",
    "receiptRoot": "56e81f171bcc55a6ff8345e692c0f86e5b48e01b996cadc001622fb5e363b421",
    "logsBloom": "00000000000000000000000000000000000000000000000000000000000000000000000000000000000000000000000000000000000000000000000000000000000000000000000000000000000000000000000000000000000000000000000000000000000000000000000000000000000000000000000000000000000000000000000000000000000000000000000000000000000000000000000000000000000000000000000000000000000000000000000000000000000000000000000000000000000000000000000000000000000000000000000000000000000000000000000000000000000000000000000000000000000000000000000000000000",
    "difficulty": "00",
    "number": "10924",
    "gasLimit": "281474976710655",
    "timestamp": "2020-01-12T15:11:02Z",
    "extraData": "0000005f0000057b3c9c8877f6e77f5f8b1982d54939484e2b4cd3ddd539722f",
    "mixHash": "0000000000000000000000000000000000000000000000000000000000000000",
    "hash": "6bbe0faed87654fda414bcf0f046f6daa2ec7af2270dc8d3c9398fe3921c9e11"
  }
}
,{
  "ver": 3,
  "hash": "4c59f45ef1f07c19857589d32ea0f8fff0856b81b3372a89893ff537f7141239",
  "number": "10925",
  "size": "545",
  "header": {
    "parentHash": "0000005f0000057b3c9c8877f6e77f5f8b1982d54939484e2b4cd3ddd539722f",
    "uncleHash": "1dcc4de8dec75d7aab85b567b6ccd41ad312451b948a7413f0a142fd40d49347",
    "coinbase": "0000000000000000000000000000000000000000",
    "stateRoot": "0000000000000000000000000000000000000000000000000000000000000000",
    "transactionsRoot": "56e81f171bcc55a6ff8345e692c0f86e5b48e01b996cadc001622fb5e363b421",
    "receiptRoot": "56e81f171bcc55a6ff8345e692c0f86e5b48e01b996cadc001622fb5e363b421",
    "logsBloom": "00000000000000000000000000000000000000000000000000000000000000000000000000000000000000000000000000000000000000000000000000000000000000000000000000000000000000000000000000000000000000000000000000000000000000000000000000000000000000000000000000000000000000000000000000000000000000000000000000000000000000000000000000000000000000000000000000000000000000000000000000000000000000000000000000000000000000000000000000000000000000000000000000000000000000000000000000000000000000000000000000000000000000000000000000000000",
    "difficulty": "00",
    "number": "10925",
    "gasLimit": "281474976710655",
    "timestamp": "2020-01-12T15:11:03Z",
    "extraData": "0000005f0000058924a8366e85c6b14fa0695b2f7172d9a0237272ff6750d4c6",
    "mixHash": "0000000000000000000000000000000000000000000000000000000000000000",
    "hash": "4c59f45ef1f07c19857589d32ea0f8fff0856b81b3372a89893ff537f7141239"
  }
}
,{
  "ver": 3,
  "hash": "4e78c595e5d6d8d90bccf5a7f5c4732fd916784b399d0e1f1ae5f1af25bde5e6",
  "number": "10926",
  "size": "545",
  "header": {
    "parentHash": "0000005f0000058924a8366e85c6b14fa0695b2f7172d9a0237272ff6750d4c6",
    "uncleHash": "1dcc4de8dec75d7aab85b567b6ccd41ad312451b948a7413f0a142fd40d49347",
    "coinbase": "0000000000000000000000000000000000000000",
    "stateRoot": "0000000000000000000000000000000000000000000000000000000000000000",
    "transactionsRoot": "56e81f171bcc55a6ff8345e692c0f86e5b48e01b996cadc001622fb5e363b421",
    "receiptRoot": "56e81f171bcc55a6ff8345e692c0f86e5b48e01b996cadc001622fb5e363b421",
    "logsBloom": "00000000000000000000000000000000000000000000000000000000000000000000000000000000000000000000000000000000000000000000000000000000000000000000000000000000000000000000000000000000000000000000000000000000000000000000000000000000000000000000000000000000000000000000000000000000000000000000000000000000000000000000000000000000000000000000000000000000000000000000000000000000000000000000000000000000000000000000000000000000000000000000000000000000000000000000000000000000000000000000000000000000000000000000000000000000",
    "difficulty": "00",
    "number": "10926",
    "gasLimit": "281474976710655",
    "timestamp": "2020-01-12T15:11:04Z",
    "extraData": "0000005f0000059751f03a5e3ff32c81430d7942f6480e748bfe528b33859559",
    "mixHash": "0000000000000000000000000000000000000000000000000000000000000000",
    "hash": "4e78c595e5d6d8d90bccf5a7f5c4732fd916784b399d0e1f1ae5f1af25bde5e6"
  }
}
,{
  "ver": 3,
  "hash": "52fa5f47fe712f297f4ee29537a797bf622f52546fe0d9ee4442847847694c6f",
  "number": "10927",
  "size": "656",
  "header": {
    "parentHash": "0000005f0000059751f03a5e3ff32c81430d7942f6480e748bfe528b33859559",
    "uncleHash": "1dcc4de8dec75d7aab85b567b6ccd41ad312451b948a7413f0a142fd40d49347",
    "coinbase": "0000000000000000000000000000000000000000",
    "stateRoot": "0000000000000000000000000000000000000000000000000000000000000000",
    "transactionsRoot": "1fd6e5e74b10782b804f4c31188a9206f017213d9e4937f3ee1c80cf304af713",
    "receiptRoot": "56e81f171bcc55a6ff8345e692c0f86e5b48e01b996cadc001622fb5e363b421",
    "logsBloom": "00000000000000000000000000000000000000000000000000000000000000000000000000000000000000000000000000000000000000000000000000000000000000000000000000000000000000000000000000000000000000000000000000000000000000000000000000000000000000000000000000000000000000000000000000000000000000000000000000000000000000000000000000000000000000000000000000000000000000000000000000000000000000000000000000000000000000000000000000000000000000000000000000000000000000000000000000000000000000000000000000000000000000000000000000000000",
    "difficulty": "00",
    "number": "10927",
    "gasLimit": "281474976710655",
    "timestamp": "2020-01-12T15:12:27Z",
    "extraData": "0000005f000005b09e4df53733023ccc61d3993e2fc023fe526fa5cc18030345",
    "mixHash": "0000000000000000000000000000000000000000000000000000000000000000",
    "hash": "52fa5f47fe712f297f4ee29537a797bf622f52546fe0d9ee4442847847694c6f"
  },
  "transactionTraces": [
    {
      "to": "2e58d4ecac1816b2d9cf5829699e5e5f15c80455",
      "nonce": "3",
      "gasPrice": "746a528800",
      "gasLimit": "44000",
      "value": "8ac7230489e80000",
      "v": "1c",
      "r": "730a74ec20194dded155f46a37592a33c3149bdfb8577751d3d358779e2f45ce",
      "s": "13f8871daf5e894623cca2e8febc87028fcbb8ca4286fb37d27717ab9018ef10",
      "gasUsed": "23300",
      "hash": "bc1b84d069c55f7016fcf3d5f29fe619dffe87ae4ab3f8c31abe03ef709614da",
      "from": "04a174104351a8630ed69ae433d6c7b092210c56",
      "beginOrdinal": "23",
      "endOrdinal": "32",
      "status": "SUCCEEDED",
      "receipt": {
        "cumulativeGasUsed": "23300",
        "logsBloom": "00000000000000000000000000000000000000000000000000000000000000000000000000000000000000000000000000000000000000000000000000000000000000000000000000000000000000000000000000000000000000000000000000000000000000000000000000000000000000000000000000000000000000000000000000000000000000000000000000000000000000000000000000000000000000000000000000000000000000000000000000000000000000000000000000000000000000000000000000000000000000000000000000000000000000000000000000000000000000000000000000000000000000000000000000000000"
      },
      "calls": [
        {
          "index": 1,
          "callType": "CALL",
          "caller": "04a174104351a8630ed69ae433d6c7b092210c56",
          "address": "2e58d4ecac1816b2d9cf5829699e5e5f15c80455",
          "value": "8ac7230489e80000",
          "gasLimit": "23000",
          "balanceChanges": [
            {
              "address": "04a174104351a8630ed69ae433d6c7b092210c56",
              "oldValue": "040ef44c97904bb15000",
              "newValue": "040ef3fe6eae22a25000",
              "reason": "REASON_GAS_BUY",
              "ordinal": "24"
            },
            {
              "address": "04a174104351a8630ed69ae433d6c7b092210c56",
              "oldValue": "040ef3fe6eae22a25000",
              "newValue": "040e69374ba998ba5000",
              "reason": "REASON_TRANSFER",
              "ordinal": "28"
            },
            {
              "address": "2e58d4ecac1816b2d9cf5829699e5e5f15c80455",
              "oldValue": "a688906bd8b00000",
              "newValue": "01314fb37062980000",
              "reason": "REASON_TRANSFER",
              "ordinal": "29"
            },
            {
              "address": "04a174104351a8630ed69ae433d6c7b092210c56",
              "oldValue": "040e69374ba998ba5000",
              "newValue": "040e695c10eec2273000",
              "reason": "REASON_GAS_REFUND",
              "ordinal": "31"
            }
          ],
          "nonceChanges": [
            {
              "address": "04a174104351a8630ed69ae433d6c7b092210c56",
              "oldValue": "3",
              "newValue": "4",
              "ordinal": "26"
            }
          ],
          "gasChanges": [
            {
              "oldValue": "44000",
              "newValue": "23000",
              "reason": "REASON_INTRINSIC_GAS",
              "ordinal": "25"
            }
          ],
          "endOrdinal": "30"
        }
      ]
    }
  ]
}
,{
  "ver": 3,
  "hash": "43bcf9601315213230ab743783dfc81681723c72d935b8750b1b8bf8a703343a",
  "number": "10928",
  "size": "545",
  "header": {
    "parentHash": "0000005f000005b09e4df53733023ccc61d3993e2fc023fe526fa5cc18030345",
    "uncleHash": "1dcc4de8dec75d7aab85b567b6ccd41ad312451b948a7413f0a142fd40d49347",
    "coinbase": "0000000000000000000000000000000000000000",
    "stateRoot": "0000000000000000000000000000000000000000000000000000000000000000",
    "transactionsRoot": "56e81f171bcc55a6ff8345e692c0f86e5b48e01b996cadc001622fb5e363b421",
    "receiptRoot": "56e81f171bcc55a6ff8345e692c0f86e5b48e01b996cadc001622fb5e363b421",
    "logsBloom": "00000000000000000000000000000000000000000000000000000000000000000000000000000000000000000000000000000000000000000000000000000000000000000000000000000000000000000000000000000000000000000000000000000000000000000000000000000000000000000000000000000000000000000000000000000000000000000000000000000000000000000000000000000000000000000000000000000000000000000000000000000000000000000000000000000000000000000000000000000000000000000000000000000000000000000000000000000000000000000000000000000000000000000000000000000000",
    "difficulty": "00",
    "number": "10928",
    "gasLimit": "281474976710655",
    "timestamp": "2020-01-12T15:12:28Z",
    "extraData": "0000005f000005be2716cc12f6d7bec6e730ad30747927c64ab4740598bbb4b8",
    "mixHash": "0000000000000000000000000000000000000000000000000000000000000000",
    "hash": "43bcf9601315213230ab743783dfc81681723c72d935b8750b1b8bf8a703343a"
  }
}
]
